// Rstest Snapshot v1

exports[`logger > should create new logger with info level correctly 1`] = `
[
  [
    "😊 Rslog v1.0.0
",
  ],
  [
    "this is a log message",
  ],
  [
    "info    this is an info message",
  ],
  [
    "ready   this is a ready message",
  ],
  [
    "success this is a success message",
  ],
]
`;

exports[`logger > should create new logger with info level correctly 2`] = `
[
  [
    "warn    this is a warn message",
  ],
]
`;

exports[`logger > should create new logger with info level correctly 3`] = `
[
  [
    "error   this is a error message",
  ],
]
`;

exports[`logger > should create new logger with warn level correctly 1`] = `
[
  [
    "warn    this is a warn message",
  ],
]
`;

exports[`logger > should create new logger with warn level correctly 2`] = `
[
  [
    "error   this is a error message",
  ],
]
`;

exports[`logger > should log as expected 1`] = `
[
  [
    "😊 Rslog v1.0.0
",
  ],
  [
    "this is a log message",
  ],
  [
    "info    this is an info message",
  ],
  [
    "ready   this is a ready message",
  ],
  [
    "success this is a success message",
  ],
]
`;

exports[`logger > should log as expected 2`] = `
[
  [
    "warn    this is a warn message",
  ],
]
`;

exports[`logger > should log as expected 3`] = `
[
  [
    "error   this is a error message",
  ],
]
`;

exports[`logger > should log error with cause correctly 1`] = `
"<CLR=31,BOLD>error  </CLR>     at /rslog/foo/bar.js:29:0
<CLR=90><CLR=39><CLR=33>
  [cause]: <CLR=39>    at /rslog/foo/bar.js:29:0
<CLR=90><CLR=39>"
`;

exports[`logger > should log error with stack correctly 1`] = `
"<CLR=31,BOLD>error  </CLR>     at /rslog/foo/bar.js:29:0
<CLR=90><CLR=39>"
`;
